INFO:root:AddCommand
INFO:root:AddCommand
INFO:root:AddCommand
INFO:root:AddCommand
INFO:root:AddCommand
INFO:root:AddCommand
INFO:root:AddCommand
INFO:root:AddCommand
INFO:root:AddCommand
INFO:root:AddCommand
INFO:root:AddCommand
INFO:root:AddCommand
INFO:root:AddCommand
INFO:root:AddCommand
INFO:root:AddCommand
INFO:root:AddCommand
INFO:root:AddCommand
INFO:root:AddCommand
INFO:root:AddCommand
INFO:root:AddCommand
INFO:root:AddCommand
INFO:root:AddCommand
INFO:root:AddCommand
INFO:root:AddCommand
INFO:root:AddCommand
INFO:root:AddCommand
INFO:root:AddCommand
INFO:root:AddCommand
INFO:root:AddCommand
INFO:root:AddCommand
INFO:root:AddCommand
INFO:root:AddCommand
INFO:root:AddCommand
ERROR:jsonrpclib.SimpleJSONRPCServer:Server-side exception: <Fault -32603: Server error: File "/opt/portmanv3/portman_core2/vendors/command_factory.py", line 13, in get_type | Exception: Resource Type "Show Shelf" is Not Registered!
>
Traceback (most recent call last):
  File "/usr/local/lib/python3.8/dist-packages/jsonrpclib/SimpleJSONRPCServer.py", line 420, in _dispatch
    return func(*params)
  File "portman_core.py", line 153, in add_command
    return self.portman._execute_command(task, is_queue)
  File "/opt/portmanv3/portman_core2/portman.py", line 296, in _execute_command
    task_result = dslam_class.execute_command(
  File "/opt/portmanv3/portman_core2/vendors/zyxel.py", line 574, in execute_command
    command_class = cls.command_factory.get_type(command)(params)
  File "/opt/portmanv3/portman_core2/vendors/command_factory.py", line 13, in get_type
    raise Exception('Resource Type "%s" is Not Registered!'%name)
Exception: Resource Type "Show Shelf" is Not Registered!
INFO:root:AddCommand
ERROR:jsonrpclib.SimpleJSONRPCServer:Server-side exception: <Fault -32603: Server error: File "/opt/portmanv3/portman_core2/vendors/command_factory.py", line 13, in get_type | Exception: Resource Type "Show Shelf" is Not Registered!
>
Traceback (most recent call last):
  File "/usr/local/lib/python3.8/dist-packages/jsonrpclib/SimpleJSONRPCServer.py", line 420, in _dispatch
    return func(*params)
  File "portman_core.py", line 153, in add_command
    return self.portman._execute_command(task, is_queue)
  File "/opt/portmanv3/portman_core2/portman.py", line 296, in _execute_command
    task_result = dslam_class.execute_command(
  File "/opt/portmanv3/portman_core2/vendors/zyxel.py", line 574, in execute_command
    command_class = cls.command_factory.get_type(command)(params)
  File "/opt/portmanv3/portman_core2/vendors/command_factory.py", line 13, in get_type
    raise Exception('Resource Type "%s" is Not Registered!'%name)
Exception: Resource Type "Show Shelf" is Not Registered!
INFO:root:AddCommand
INFO:root:AddCommand
INFO:root:AddCommand
INFO:root:AddCommand
INFO:root:AddCommand
INFO:root:AddCommand
INFO:root:AddCommand
INFO:root:AddCommand
INFO:root:AddCommand
INFO:root:AddCommand
ERROR:jsonrpclib.SimpleJSONRPCServer:Server-side exception: <Fault -32603: Server error: File "/opt/portmanv3/portman_core2/vendors/zyxel_commands/add_to_vlan.py", line 102, in run_command | IndexError: Replacement index 1 out of range for positional args tuple
>
Traceback (most recent call last):
  File "/opt/portmanv3/portman_core2/vendors/zyxel_commands/add_to_vlan.py", line 85, in run_command
    return {"result" : "add to valn {1} give error".format(self.__vlan_id), "port_indexes": self.__port_indexes}
IndexError: Replacement index 1 out of range for positional args tuple

During handling of the above exception, another exception occurred:

Traceback (most recent call last):
  File "/opt/portmanv3/portman_core2/vendors/zyxel_commands/add_to_vlan.py", line 85, in run_command
    return {"result" : "add to valn {1} give error".format(self.__vlan_id), "port_indexes": self.__port_indexes}
IndexError: Replacement index 1 out of range for positional args tuple

During handling of the above exception, another exception occurred:

Traceback (most recent call last):
  File "/opt/portmanv3/portman_core2/vendors/zyxel_commands/add_to_vlan.py", line 85, in run_command
    return {"result" : "add to valn {1} give error".format(self.__vlan_id), "port_indexes": self.__port_indexes}
IndexError: Replacement index 1 out of range for positional args tuple

During handling of the above exception, another exception occurred:

Traceback (most recent call last):
  File "/usr/local/lib/python3.8/dist-packages/jsonrpclib/SimpleJSONRPCServer.py", line 420, in _dispatch
    return func(*params)
  File "portman_core.py", line 153, in add_command
    return self.portman._execute_command(task, is_queue)
  File "/opt/portmanv3/portman_core2/portman.py", line 296, in _execute_command
    task_result = dslam_class.execute_command(
  File "/opt/portmanv3/portman_core2/vendors/zyxel.py", line 578, in execute_command
    return command_class.run_command()
  File "/opt/portmanv3/portman_core2/vendors/zyxel_commands/add_to_vlan.py", line 100, in run_command
    return self.run_command()
  File "/opt/portmanv3/portman_core2/vendors/zyxel_commands/add_to_vlan.py", line 100, in run_command
    return self.run_command()
  File "/opt/portmanv3/portman_core2/vendors/zyxel_commands/add_to_vlan.py", line 102, in run_command
    print(("error : add to valn {1}".format(self.__vlan_id)))
IndexError: Replacement index 1 out of range for positional args tuple
INFO:root:AddCommand
ERROR:jsonrpclib.SimpleJSONRPCServer:Server-side exception: <Fault -32603: Server error: File "/opt/portmanv3/portman_core2/vendors/zyxel_commands/add_to_vlan.py", line 102, in run_command | IndexError: Replacement index 1 out of range for positional args tuple
>
Traceback (most recent call last):
  File "/opt/portmanv3/portman_core2/vendors/zyxel_commands/add_to_vlan.py", line 85, in run_command
    return {"result" : "add to valn {1} give error".format(self.__vlan_id), "port_indexes": self.__port_indexes}
IndexError: Replacement index 1 out of range for positional args tuple

During handling of the above exception, another exception occurred:

Traceback (most recent call last):
  File "/opt/portmanv3/portman_core2/vendors/zyxel_commands/add_to_vlan.py", line 85, in run_command
    return {"result" : "add to valn {1} give error".format(self.__vlan_id), "port_indexes": self.__port_indexes}
IndexError: Replacement index 1 out of range for positional args tuple

During handling of the above exception, another exception occurred:

Traceback (most recent call last):
  File "/opt/portmanv3/portman_core2/vendors/zyxel_commands/add_to_vlan.py", line 85, in run_command
    return {"result" : "add to valn {1} give error".format(self.__vlan_id), "port_indexes": self.__port_indexes}
IndexError: Replacement index 1 out of range for positional args tuple

During handling of the above exception, another exception occurred:

Traceback (most recent call last):
  File "/usr/local/lib/python3.8/dist-packages/jsonrpclib/SimpleJSONRPCServer.py", line 420, in _dispatch
    return func(*params)
  File "portman_core.py", line 153, in add_command
    return self.portman._execute_command(task, is_queue)
  File "/opt/portmanv3/portman_core2/portman.py", line 296, in _execute_command
    task_result = dslam_class.execute_command(
  File "/opt/portmanv3/portman_core2/vendors/zyxel.py", line 578, in execute_command
    return command_class.run_command()
  File "/opt/portmanv3/portman_core2/vendors/zyxel_commands/add_to_vlan.py", line 100, in run_command
    return self.run_command()
  File "/opt/portmanv3/portman_core2/vendors/zyxel_commands/add_to_vlan.py", line 100, in run_command
    return self.run_command()
  File "/opt/portmanv3/portman_core2/vendors/zyxel_commands/add_to_vlan.py", line 102, in run_command
    print(("error : add to valn {1}".format(self.__vlan_id)))
IndexError: Replacement index 1 out of range for positional args tuple
INFO:root:AddCommand
INFO:root:AddCommand
INFO:root:AddCommand
INFO:root:AddCommand
INFO:root:AddCommand
INFO:root:AddCommand
INFO:root:AddCommand
INFO:root:AddCommand
